// Jest Snapshot v1, https://goo.gl/fbAQLP

exports[`CardsList component CardsList snapshot 1`] = `
Object {
  "asFragment": [Function],
  "baseElement": <body>
    <div>
      <div
        class="clients__list"
        data-testid="cards-list"
      >
        <div
          class="clients__card"
          data-testid="card-item"
        >
          <h4
            class="clients__name"
          >
            1
            . 
            Leanne Graham
          </h4>
          <div
            class="clients__info"
          >
            <p>
              <b>
                email:
              </b>
               
              Sincere@april.biz
            </p>
            <p>
              <b>
                phone:
              </b>
               
              1-770-736-8031 x56442
            </p>
            <p>
              <b>
                company:
              </b>
               "
              Romaguera-Crona
              "
            </p>
          </div>
          <button
            class="btn"
          >
            Удалить
          </button>
        </div>
        <div
          class="clients__card"
          data-testid="card-item"
        >
          <h4
            class="clients__name"
          >
            2
            . 
            Ervin Howell
          </h4>
          <div
            class="clients__info"
          >
            <p>
              <b>
                email:
              </b>
               
              Shanna@melissa.tv
            </p>
            <p>
              <b>
                phone:
              </b>
               
              010-692-6593 x09125
            </p>
            <p>
              <b>
                company:
              </b>
               "
              Deckow-Crist
              "
            </p>
          </div>
          <button
            class="btn"
          >
            Удалить
          </button>
        </div>
      </div>
    </div>
  </body>,
  "container": <div>
    <div
      class="clients__list"
      data-testid="cards-list"
    >
      <div
        class="clients__card"
        data-testid="card-item"
      >
        <h4
          class="clients__name"
        >
          1
          . 
          Leanne Graham
        </h4>
        <div
          class="clients__info"
        >
          <p>
            <b>
              email:
            </b>
             
            Sincere@april.biz
          </p>
          <p>
            <b>
              phone:
            </b>
             
            1-770-736-8031 x56442
          </p>
          <p>
            <b>
              company:
            </b>
             "
            Romaguera-Crona
            "
          </p>
        </div>
        <button
          class="btn"
        >
          Удалить
        </button>
      </div>
      <div
        class="clients__card"
        data-testid="card-item"
      >
        <h4
          class="clients__name"
        >
          2
          . 
          Ervin Howell
        </h4>
        <div
          class="clients__info"
        >
          <p>
            <b>
              email:
            </b>
             
            Shanna@melissa.tv
          </p>
          <p>
            <b>
              phone:
            </b>
             
            010-692-6593 x09125
          </p>
          <p>
            <b>
              company:
            </b>
             "
            Deckow-Crist
            "
          </p>
        </div>
        <button
          class="btn"
        >
          Удалить
        </button>
      </div>
    </div>
  </div>,
  "debug": [Function],
  "findAllByAltText": [Function],
  "findAllByDisplayValue": [Function],
  "findAllByLabelText": [Function],
  "findAllByPlaceholderText": [Function],
  "findAllByRole": [Function],
  "findAllByTestId": [Function],
  "findAllByText": [Function],
  "findAllByTitle": [Function],
  "findByAltText": [Function],
  "findByDisplayValue": [Function],
  "findByLabelText": [Function],
  "findByPlaceholderText": [Function],
  "findByRole": [Function],
  "findByTestId": [Function],
  "findByText": [Function],
  "findByTitle": [Function],
  "getAllByAltText": [Function],
  "getAllByDisplayValue": [Function],
  "getAllByLabelText": [Function],
  "getAllByPlaceholderText": [Function],
  "getAllByRole": [Function],
  "getAllByTestId": [Function],
  "getAllByText": [Function],
  "getAllByTitle": [Function],
  "getByAltText": [Function],
  "getByDisplayValue": [Function],
  "getByLabelText": [Function],
  "getByPlaceholderText": [Function],
  "getByRole": [Function],
  "getByTestId": [Function],
  "getByText": [Function],
  "getByTitle": [Function],
  "queryAllByAltText": [Function],
  "queryAllByDisplayValue": [Function],
  "queryAllByLabelText": [Function],
  "queryAllByPlaceholderText": [Function],
  "queryAllByRole": [Function],
  "queryAllByTestId": [Function],
  "queryAllByText": [Function],
  "queryAllByTitle": [Function],
  "queryByAltText": [Function],
  "queryByDisplayValue": [Function],
  "queryByLabelText": [Function],
  "queryByPlaceholderText": [Function],
  "queryByRole": [Function],
  "queryByTestId": [Function],
  "queryByText": [Function],
  "queryByTitle": [Function],
  "rerender": [Function],
  "unmount": [Function],
}
`;
